int_x86_int
int_x86_seh_lsda
int_x86_seh_ehregnode
int_x86_seh_ehguard
int_x86_flags_read_u32
int_x86_flags_read_u64
int_x86_flags_write_u32
int_x86_flags_write_u64
int_x86_rdtsc
int_x86_rdtscp
int_x86_rdpmc
int_x86_rdpid
int_x86_incsspd
int_x86_incsspq
int_x86_rdsspd
int_x86_rdsspq
int_x86_saveprevssp
int_x86_rstorssp
int_x86_wrssd
int_x86_wrssq
int_x86_wrussd
int_x86_wrussq
int_x86_setssbsy
int_x86_clrssbsy
int_x86_3dnow_pavgusb
int_x86_3dnow_pf2id
int_x86_3dnow_pfacc
int_x86_3dnow_pfadd
int_x86_3dnow_pfcmpeq
int_x86_3dnow_pfcmpge
int_x86_3dnow_pfcmpgt
int_x86_3dnow_pfmax
int_x86_3dnow_pfmin
int_x86_3dnow_pfmul
int_x86_3dnow_pfrcp
int_x86_3dnow_pfrcpit1
int_x86_3dnow_pfrcpit2
int_x86_3dnow_pfrsqrt
int_x86_3dnow_pfrsqit1
int_x86_3dnow_pfsub
int_x86_3dnow_pfsubr
int_x86_3dnow_pi2fd
int_x86_3dnow_pmulhrw
int_x86_3dnowa_pf2iw
int_x86_3dnowa_pfnacc
int_x86_3dnowa_pfpnacc
int_x86_3dnowa_pi2fw
int_x86_3dnowa_pswapd
int_x86_sse_rcp_ss
int_x86_sse_rcp_ps
int_x86_sse_rsqrt_ss
int_x86_sse_rsqrt_ps
int_x86_sse_min_ss
int_x86_sse_min_ps
int_x86_sse_max_ss
int_x86_sse_max_ps
int_x86_sse_cmp_ss
int_x86_sse_cmp_ps
int_x86_sse_comieq_ss
int_x86_sse_comilt_ss
int_x86_sse_comile_ss
int_x86_sse_comigt_ss
int_x86_sse_comige_ss
int_x86_sse_comineq_ss
int_x86_sse_ucomieq_ss
int_x86_sse_ucomilt_ss
int_x86_sse_ucomile_ss
int_x86_sse_ucomigt_ss
int_x86_sse_ucomige_ss
int_x86_sse_ucomineq_ss
int_x86_sse_cvtss2si
int_x86_sse_cvtss2si64
int_x86_sse_cvttss2si
int_x86_sse_cvttss2si64
int_x86_sse_cvtps2pi
int_x86_sse_cvttps2pi:
int_x86_sse_cvtpi2ps
int_x86_sse_sfence
int_x86_sse_stmxcsr
int_x86_sse_ldmxcsr
int_x86_sse_movmsk_ps
int_x86_sse2_min_sd
int_x86_sse2_min_pd
int_x86_sse2_max_sd
int_x86_sse2_max_pd
int_x86_sse2_cmp_sd
int_x86_sse2_cmp_pd
int_x86_sse2_comieq_sd
int_x86_sse2_comilt_sd
int_x86_sse2_comile_sd
int_x86_sse2_comigt_sd
int_x86_sse2_comige_sd
int_x86_sse2_comineq_sd
int_x86_sse2_ucomieq_sd
int_x86_sse2_ucomilt_sd
int_x86_sse2_ucomile_sd
int_x86_sse2_ucomigt_sd
int_x86_sse2_ucomige_sd
int_x86_sse2_ucomineq_sd
int_x86_sse2_pmulhu_w
int_x86_sse2_pmulh_w
int_x86_sse2_pmadd_wd
int_x86_sse2_pavg_b
int_x86_sse2_pavg_w
int_x86_sse2_psad_bw
int_x86_sse2_psll_w
int_x86_sse2_psll_d
int_x86_sse2_psll_q
int_x86_sse2_psrl_w
int_x86_sse2_psrl_d
int_x86_sse2_psrl_q
int_x86_sse2_psra_w
int_x86_sse2_psra_d
int_x86_sse2_pslli_w
int_x86_sse2_pslli_d
int_x86_sse2_pslli_q
int_x86_sse2_psrli_w
int_x86_sse2_psrli_d
int_x86_sse2_psrli_q
int_x86_sse2_psrai_w
int_x86_sse2_psrai_d
int_x86_sse2_cvtpd2dq
int_x86_sse2_cvttpd2dq
int_x86_sse2_cvtpd2ps
int_x86_sse2_cvtps2dq
int_x86_sse2_cvttps2dq
int_x86_sse2_cvtsd2si
int_x86_sse2_cvtsd2si64
int_x86_sse2_cvttsd2si
int_x86_sse2_cvttsd2si64
int_x86_sse2_cvtsd2ss
int_x86_sse_cvtpd2pi
int_x86_sse_cvttpd2pi:
int_x86_sse_cvtpi2pd
int_x86_sse2_packsswb_128
int_x86_sse2_packssdw_128
int_x86_sse2_packuswb_128
int_x86_sse2_movmsk_pd
int_x86_sse2_pmovmskb_128
int_x86_sse2_maskmov_dqu
int_x86_sse2_clflush
int_x86_sse2_lfence
int_x86_sse2_mfence
int_x86_sse2_pause
int_x86_sse3_addsub_ps
int_x86_sse3_addsub_pd
int_x86_sse3_hadd_ps
int_x86_sse3_hadd_pd
int_x86_sse3_hsub_ps
int_x86_sse3_hsub_pd
int_x86_sse3_ldu_dq
int_x86_sse3_monitor
int_x86_sse3_mwait
int_x86_ssse3_phadd_w
int_x86_ssse3_phadd_w_128
int_x86_ssse3_phadd_d
int_x86_ssse3_phadd_d_128
int_x86_ssse3_phadd_sw
int_x86_ssse3_phadd_sw_128
int_x86_ssse3_phsub_w
int_x86_ssse3_phsub_w_128
int_x86_ssse3_phsub_d
int_x86_ssse3_phsub_d_128
int_x86_ssse3_phsub_sw
int_x86_ssse3_phsub_sw_128
int_x86_ssse3_pmadd_ub_sw
int_x86_ssse3_pmadd_ub_sw_128
int_x86_ssse3_pmul_hr_sw
int_x86_ssse3_pmul_hr_sw_128
int_x86_ssse3_pshuf_b
int_x86_ssse3_pshuf_b_128
int_x86_sse_pshuf_w
int_x86_ssse3_psign_b
int_x86_ssse3_psign_b_128
int_x86_ssse3_psign_w
int_x86_ssse3_psign_w_128
int_x86_ssse3_psign_d
int_x86_ssse3_psign_d_128
int_x86_ssse3_pabs_b
int_x86_ssse3_pabs_w
int_x86_ssse3_pabs_d
int_x86_sse41_round_ss
int_x86_sse41_round_ps
int_x86_sse41_round_sd
int_x86_sse41_round_pd
int_x86_sse41_phminposuw
int_x86_aesni_aesimc
int_x86_aesni_aesenc
int_x86_aesni_aesenc_256
int_x86_aesni_aesenc_512
int_x86_aesni_aesenclast
int_x86_aesni_aesenclast_256
int_x86_aesni_aesenclast_512
int_x86_aesni_aesdec
int_x86_aesni_aesdec_256
int_x86_aesni_aesdec_512
int_x86_aesni_aesdeclast
int_x86_aesni_aesdeclast_256
int_x86_aesni_aesdeclast_512
int_x86_aesni_aeskeygenassist
int_x86_pclmulqdq
int_x86_pclmulqdq_256
int_x86_pclmulqdq_512
int_x86_sse41_packusdw
int_x86_sse41_insertps
int_x86_sse41_pblendvb
int_x86_sse41_blendvpd
int_x86_sse41_blendvps
int_x86_sse41_dppd
int_x86_sse41_dpps
int_x86_sse41_mpsadbw
int_x86_sse41_ptestz
int_x86_sse41_ptestc
int_x86_sse41_ptestnzc
int_x86_sse42_crc32_32_8
int_x86_sse42_crc32_32_16
int_x86_sse42_crc32_32_32
int_x86_sse42_crc32_64_64
int_x86_sse42_pcmpistrm128
int_x86_sse42_pcmpistri128
int_x86_sse42_pcmpistria128
int_x86_sse42_pcmpistric128
int_x86_sse42_pcmpistrio128
int_x86_sse42_pcmpistris128
int_x86_sse42_pcmpistriz128
int_x86_sse42_pcmpestrm128
int_x86_sse42_pcmpestri128
int_x86_sse42_pcmpestria128
int_x86_sse42_pcmpestric128
int_x86_sse42_pcmpestrio128
int_x86_sse42_pcmpestris128
int_x86_sse42_pcmpestriz128
int_x86_sse4a_extrqi
int_x86_sse4a_extrq
int_x86_sse4a_insertqi
int_x86_sse4a_insertq
int_x86_avx_addsub_pd_256
int_x86_avx_addsub_ps_256
int_x86_avx_max_pd_256
int_x86_avx_max_ps_256
int_x86_avx_min_pd_256
int_x86_avx_min_ps_256
int_x86_avx_rsqrt_ps_256
int_x86_avx_rcp_ps_256
int_x86_avx_round_pd_256
int_x86_avx_round_ps_256
int_x86_avx_hadd_pd_256
int_x86_avx_hsub_ps_256
int_x86_avx_hsub_pd_256
int_x86_avx_hadd_ps_256
int_x86_avx_vpermilvar_pd
int_x86_avx_vpermilvar_ps
int_x86_avx_vpermilvar_pd_256
int_x86_avx_vpermilvar_ps_256
int_x86_avx512_vpermi2var_d_128
int_x86_avx512_vpermi2var_d_256
int_x86_avx512_vpermi2var_d_512
int_x86_avx512_vpermi2var_hi_128
int_x86_avx512_vpermi2var_hi_256
int_x86_avx512_vpermi2var_hi_512
int_x86_avx512_vpermi2var_pd_128
int_x86_avx512_vpermi2var_pd_256
int_x86_avx512_vpermi2var_pd_512
int_x86_avx512_vpermi2var_ps_128
int_x86_avx512_vpermi2var_ps_256
int_x86_avx512_vpermi2var_ps_512
int_x86_avx512_vpermi2var_q_128
int_x86_avx512_vpermi2var_q_256
int_x86_avx512_vpermi2var_q_512
int_x86_avx512_vpermi2var_qi_128
int_x86_avx512_vpermi2var_qi_256
int_x86_avx512_vpermi2var_qi_512
int_x86_avx512_vpermilvar_pd_512
int_x86_avx512_vpermilvar_ps_512
int_x86_avx512_pshuf_b_512
int_x86_vgf2p8affineinvqb_128
int_x86_vgf2p8affineinvqb_256
int_x86_vgf2p8affineinvqb_512
int_x86_vgf2p8affineqb_128
int_x86_vgf2p8affineqb_256
int_x86_vgf2p8affineqb_512
int_x86_vgf2p8mulb_128
int_x86_vgf2p8mulb_256
int_x86_vgf2p8mulb_512
int_x86_avx_blendv_pd_256
int_x86_avx_blendv_ps_256
int_x86_avx_dp_ps_256
int_x86_avx_cmp_pd_256
int_x86_avx_cmp_ps_256
int_x86_avx_cvt_pd2_ps_256
int_x86_avx_cvt_ps2dq_256
int_x86_avx_cvtt_pd2dq_256
int_x86_avx_cvt_pd2dq_256
int_x86_avx_cvtt_ps2dq_256
int_x86_avx_vtestz_pd
int_x86_avx_vtestc_pd
int_x86_avx_vtestnzc_pd
int_x86_avx_vtestz_ps
int_x86_avx_vtestc_ps
int_x86_avx_vtestnzc_ps
int_x86_avx_vtestz_pd_256
int_x86_avx_vtestc_pd_256
int_x86_avx_vtestnzc_pd_256
int_x86_avx_vtestz_ps_256
int_x86_avx_vtestc_ps_256
int_x86_avx_vtestnzc_ps_256
int_x86_avx_ptestz_256
int_x86_avx_ptestc_256
int_x86_avx_ptestnzc_256
int_x86_avx512_fpclass_pd_128
int_x86_avx512_fpclass_pd_256
int_x86_avx512_fpclass_pd_512
int_x86_avx512_fpclass_ps_128
int_x86_avx512_fpclass_ps_256
int_x86_avx512_fpclass_ps_512
int_x86_avx512_mask_fpclass_sd
int_x86_avx512_mask_fpclass_ss
int_x86_avx_movmsk_pd_256
int_x86_avx_movmsk_ps_256
int_x86_avx_vzeroall
int_x86_avx_vzeroupper
int_x86_avx_ldu_dq_256
int_x86_avx_maskload_pd
int_x86_avx_maskload_ps
int_x86_avx_maskload_pd_256
int_x86_avx_maskload_ps_256
int_x86_avx_maskstore_pd
int_x86_avx_maskstore_ps
int_x86_avx_maskstore_pd_256
int_x86_avx_maskstore_ps_256
int_x86_avx512_vpshufbitqmb_128
int_x86_avx512_vpshufbitqmb_256
int_x86_avx512_vpshufbitqmb_512
int_x86_avx2_pmulhu_w
int_x86_avx2_pmulh_w
int_x86_avx2_pmadd_wd
int_x86_avx2_pavg_b
int_x86_avx2_pavg_w
int_x86_avx2_psad_bw
int_x86_avx2_psll_w
int_x86_avx2_psll_d
int_x86_avx2_psll_q
int_x86_avx2_psrl_w
int_x86_avx2_psrl_d
int_x86_avx2_psrl_q
int_x86_avx2_psra_w
int_x86_avx2_psra_d
int_x86_avx2_pslli_w
int_x86_avx2_pslli_d
int_x86_avx2_pslli_q
int_x86_avx2_psrli_w
int_x86_avx2_psrli_d
int_x86_avx2_psrli_q
int_x86_avx2_psrai_w
int_x86_avx2_psrai_d
int_x86_avx512_psra_q_128
int_x86_avx512_psra_q_256
int_x86_avx512_psrai_q_128
int_x86_avx512_psrai_q_256
int_x86_avx512_psll_w_512
int_x86_avx512_psll_d_512
int_x86_avx512_psll_q_512
int_x86_avx512_psrl_w_512
int_x86_avx512_psrl_d_512
int_x86_avx512_psrl_q_512
int_x86_avx512_psra_w_512
int_x86_avx512_psra_d_512
int_x86_avx512_psra_q_512
int_x86_avx512_pslli_w_512
int_x86_avx512_pslli_d_512
int_x86_avx512_pslli_q_512
int_x86_avx512_psrli_w_512
int_x86_avx512_psrli_d_512
int_x86_avx512_psrli_q_512
int_x86_avx512_psrai_w_512
int_x86_avx512_psrai_d_512
int_x86_avx512_psrai_q_512
int_x86_avx512_pmultishift_qb_128:
int_x86_avx512_pmultishift_qb_256:
int_x86_avx512_pmultishift_qb_512:
int_x86_avx2_packsswb
int_x86_avx2_packssdw
int_x86_avx2_packuswb
int_x86_avx2_packusdw
int_x86_avx2_phadd_w
int_x86_avx2_phadd_d
int_x86_avx2_phadd_sw
int_x86_avx2_phsub_w
int_x86_avx2_phsub_d
int_x86_avx2_phsub_sw
int_x86_avx2_pmadd_ub_sw
int_x86_avx2_psign_b
int_x86_avx2_psign_w
int_x86_avx2_psign_d
int_x86_avx2_pmul_hr_sw
int_x86_avx512_pmul_hr_sw_512
int_x86_avx2_pblendvb
int_x86_avx2_permd
int_x86_avx2_permps
int_x86_avx2_maskload_d
int_x86_avx2_maskload_q
int_x86_avx2_maskload_d_256
int_x86_avx2_maskload_q_256
int_x86_avx2_maskstore_d
int_x86_avx2_maskstore_q
int_x86_avx2_maskstore_d_256
int_x86_avx2_maskstore_q_256
int_x86_avx2_psllv_d
int_x86_avx2_psllv_d_256
int_x86_avx2_psllv_q
int_x86_avx2_psllv_q_256
int_x86_avx512_psllv_d_512
int_x86_avx512_psllv_q_512
int_x86_avx2_psrlv_d
int_x86_avx2_psrlv_d_256
int_x86_avx2_psrlv_q
int_x86_avx2_psrlv_q_256
int_x86_avx512_psrlv_d_512
int_x86_avx512_psrlv_q_512
int_x86_avx2_psrav_d
int_x86_avx2_psrav_d_256
int_x86_avx512_psrav_d_512
int_x86_avx512_psrav_q_128
int_x86_avx512_psrav_q_256
int_x86_avx512_psrav_q_512
int_x86_avx512_psllv_w_128
int_x86_avx512_psllv_w_256
int_x86_avx512_psllv_w_512
int_x86_avx512_psrlv_w_128
int_x86_avx512_psrlv_w_256
int_x86_avx512_psrlv_w_512
int_x86_avx512_psrav_w_128
int_x86_avx512_psrav_w_256
int_x86_avx512_psrav_w_512
int_x86_avx2_gather_d_pd
int_x86_avx2_gather_d_pd_256
int_x86_avx2_gather_q_pd
int_x86_avx2_gather_q_pd_256
int_x86_avx2_gather_d_ps
int_x86_avx2_gather_d_ps_256
int_x86_avx2_gather_q_ps
int_x86_avx2_gather_q_ps_256
int_x86_avx2_gather_d_q
int_x86_avx2_gather_d_q_256
int_x86_avx2_gather_q_q
int_x86_avx2_gather_q_q_256
int_x86_avx2_gather_d_d
int_x86_avx2_gather_d_d_256
int_x86_avx2_gather_q_d
int_x86_avx2_gather_q_d_256
int_x86_avx2_pmovmskb
int_x86_avx2_pshuf_b
int_x86_avx2_mpsadbw
int_x86_fma_vfmaddsub_ps
int_x86_fma_vfmaddsub_pd
int_x86_fma_vfmaddsub_ps_256
int_x86_fma_vfmaddsub_pd_256
int_x86_avx512_vfmadd_pd_512
int_x86_avx512_vfmadd_ps_512
int_x86_avx512_vfmaddsub_pd_512
int_x86_avx512_vfmaddsub_ps_512
int_x86_avx512_vfmadd_f64
int_x86_avx512_vfmadd_f32
int_x86_avx512_vpmadd52h_uq_128
int_x86_avx512_vpmadd52l_uq_128
int_x86_avx512_vpmadd52h_uq_256
int_x86_avx512_vpmadd52l_uq_256
int_x86_avx512_vpmadd52h_uq_512
int_x86_avx512_vpmadd52l_uq_512
int_x86_avx512_vpdpbusd_128
int_x86_avx512_vpdpbusd_256
int_x86_avx512_vpdpbusd_512
int_x86_avx512_vpdpbusds_128
int_x86_avx512_vpdpbusds_256
int_x86_avx512_vpdpbusds_512
int_x86_avx512_vpdpwssd_128
int_x86_avx512_vpdpwssd_256
int_x86_avx512_vpdpwssd_512
int_x86_avx512_vpdpwssds_128
int_x86_avx512_vpdpwssds_256
int_x86_avx512_vpdpwssds_512
int_x86_xop_vpermil2pd
int_x86_xop_vpermil2pd_256
int_x86_xop_vpermil2ps
int_x86_xop_vpermil2ps_256
int_x86_xop_vfrcz_pd
int_x86_xop_vfrcz_ps
int_x86_xop_vfrcz_sd
int_x86_xop_vfrcz_ss
int_x86_xop_vfrcz_pd_256
int_x86_xop_vfrcz_ps_256
int_x86_xop_vphaddbd
int_x86_xop_vphaddbq
int_x86_xop_vphaddbw
int_x86_xop_vphadddq
int_x86_xop_vphaddubd
int_x86_xop_vphaddubq
int_x86_xop_vphaddubw
int_x86_xop_vphaddudq
int_x86_xop_vphadduwd
int_x86_xop_vphadduwq
int_x86_xop_vphaddwd
int_x86_xop_vphaddwq
int_x86_xop_vphsubbw
int_x86_xop_vphsubdq
int_x86_xop_vphsubwd
int_x86_xop_vpmacsdd
int_x86_xop_vpmacsdqh
int_x86_xop_vpmacsdql
int_x86_xop_vpmacssdd
int_x86_xop_vpmacssdqh
int_x86_xop_vpmacssdql
int_x86_xop_vpmacsswd
int_x86_xop_vpmacssww
int_x86_xop_vpmacswd
int_x86_xop_vpmacsww
int_x86_xop_vpmadcsswd
int_x86_xop_vpmadcswd
int_x86_xop_vpperm
int_x86_xop_vpshab
int_x86_xop_vpshad
int_x86_xop_vpshaq
int_x86_xop_vpshaw
int_x86_xop_vpshlb
int_x86_xop_vpshld
int_x86_xop_vpshlq
int_x86_xop_vpshlw
int_x86_llwpcb
int_x86_slwpcb
int_x86_lwpins32
int_x86_lwpins64
int_x86_lwpval32
int_x86_lwpval64
int_x86_mmx_emms
int_x86_mmx_femms
int_x86_mmx_padd_b
int_x86_mmx_padd_w
int_x86_mmx_padd_d
int_x86_mmx_padd_q
int_x86_mmx_padds_b
int_x86_mmx_padds_w
int_x86_mmx_paddus_b
int_x86_mmx_paddus_w
int_x86_mmx_psub_b
int_x86_mmx_psub_w
int_x86_mmx_psub_d
int_x86_mmx_psub_q
int_x86_mmx_psubs_b
int_x86_mmx_psubs_w
int_x86_mmx_psubus_b
int_x86_mmx_psubus_w
int_x86_mmx_pmulh_w
int_x86_mmx_pmull_w
int_x86_mmx_pmulhu_w
int_x86_mmx_pmulu_dq
int_x86_mmx_pmadd_wd
int_x86_mmx_pand
int_x86_mmx_pandn
int_x86_mmx_por
int_x86_mmx_pxor
int_x86_mmx_pavg_b
int_x86_mmx_pavg_w
int_x86_mmx_pmaxu_b
int_x86_mmx_pmaxs_w
int_x86_mmx_pminu_b
int_x86_mmx_pmins_w
int_x86_mmx_psad_bw
int_x86_mmx_psll_w
int_x86_mmx_psll_d
int_x86_mmx_psll_q
int_x86_mmx_psrl_w
int_x86_mmx_psrl_d
int_x86_mmx_psrl_q
int_x86_mmx_psra_w
int_x86_mmx_psra_d
int_x86_mmx_pslli_w
int_x86_mmx_pslli_d
int_x86_mmx_pslli_q
int_x86_mmx_psrli_w
int_x86_mmx_psrli_d
int_x86_mmx_psrli_q
int_x86_mmx_psrai_w
int_x86_mmx_psrai_d
int_x86_avx512_permvar_df_256
int_x86_avx512_permvar_df_512
int_x86_avx512_permvar_di_256
int_x86_avx512_permvar_di_512
int_x86_avx512_permvar_hi_128
int_x86_avx512_permvar_hi_256
int_x86_avx512_permvar_hi_512
int_x86_avx512_permvar_qi_128
int_x86_avx512_permvar_qi_256
int_x86_avx512_permvar_qi_512
int_x86_avx512_permvar_sf_512
int_x86_avx512_permvar_si_512
int_x86_mmx_packsswb
int_x86_mmx_packssdw
int_x86_mmx_packuswb
int_x86_mmx_punpckhbw
int_x86_mmx_punpckhwd
int_x86_mmx_punpckhdq
int_x86_mmx_punpcklbw
int_x86_mmx_punpcklwd
int_x86_mmx_punpckldq
int_x86_mmx_pcmpeq_b
int_x86_mmx_pcmpeq_w
int_x86_mmx_pcmpeq_d
int_x86_mmx_pcmpgt_b
int_x86_mmx_pcmpgt_w
int_x86_mmx_pcmpgt_d
int_x86_mmx_maskmovq
int_x86_mmx_pmovmskb
int_x86_mmx_movnt_dq
int_x86_mmx_palignr_b
int_x86_mmx_pextr_w
int_x86_mmx_pinsr_w
int_x86_bmi_bextr_32
int_x86_bmi_bextr_64
int_x86_bmi_bzhi_32
int_x86_bmi_bzhi_64
int_x86_bmi_pdep_32
int_x86_bmi_pdep_64
int_x86_bmi_pext_32
int_x86_bmi_pext_64
int_x86_rdfsbase_32
int_x86_rdgsbase_32
int_x86_rdfsbase_64
int_x86_rdgsbase_64
int_x86_wrfsbase_32
int_x86_wrgsbase_32
int_x86_wrfsbase_64
int_x86_wrgsbase_64
int_x86_fxrstor
int_x86_fxrstor64
int_x86_fxsave
int_x86_fxsave64
int_x86_xsave
int_x86_xsave64
int_x86_xrstor
int_x86_xrstor64
int_x86_xsaveopt
int_x86_xsaveopt64
int_x86_xrstors
int_x86_xrstors64
int_x86_xsavec
int_x86_xsavec64
int_x86_xsaves
int_x86_xsaves64
int_x86_xgetbv
int_x86_xsetbv
int_x86_clflushopt
int_x86_clwb
int_x86_rdpkru
int_x86_wrpkru
int_x86_vcvtps2ph_128
int_x86_vcvtps2ph_256
int_x86_avx512_mask_vcvtph2ps_512
int_x86_avx512_mask_vcvtps2ph_512
int_x86_avx512_mask_vcvtps2ph_256
int_x86_avx512_mask_vcvtps2ph_128
int_x86_tbm_bextri_u32
int_x86_tbm_bextri_u64
int_x86_rdrand_16
int_x86_rdrand_32
int_x86_rdrand_64
int_x86_rdseed_16
int_x86_rdseed_32
int_x86_rdseed_64
int_x86_addcarry_32:
int_x86_addcarry_64:
int_x86_subborrow_32:
int_x86_subborrow_64:
int_x86_xbegin
int_x86_xend
int_x86_xabort
int_x86_xtest
int_x86_avx512_kadd_b
int_x86_avx512_kadd_w
int_x86_avx512_kadd_d
int_x86_avx512_kadd_q
int_x86_avx512_ktestc_b
int_x86_avx512_ktestc_w
int_x86_avx512_ktestc_d
int_x86_avx512_ktestc_q
int_x86_avx512_ktestz_b
int_x86_avx512_ktestz_w
int_x86_avx512_ktestz_d
int_x86_avx512_ktestz_q
int_x86_avx512_cvttss2si
int_x86_avx512_cvttss2si64
int_x86_avx512_cvttss2usi
int_x86_avx512_cvttss2usi64
int_x86_avx512_cvtusi2ss
int_x86_avx512_cvtusi642ss
int_x86_avx512_cvttsd2si
int_x86_avx512_cvttsd2si64
int_x86_avx512_cvttsd2usi
int_x86_avx512_cvttsd2usi64
int_x86_avx512_cvtusi642sd
int_x86_avx512_vcvtss2usi32
int_x86_avx512_vcvtss2usi64
int_x86_avx512_vcvtss2si32
int_x86_avx512_vcvtss2si64
int_x86_avx512_vcvtsd2usi32
int_x86_avx512_vcvtsd2usi64
int_x86_avx512_vcvtsd2si32
int_x86_avx512_vcvtsd2si64
int_x86_avx512_cvtsi2ss32
int_x86_avx512_cvtsi2ss64
int_x86_avx512_cvtsi2sd64
int_x86_avx512_packsswb_512
int_x86_avx512_packssdw_512
int_x86_avx512_packuswb_512
int_x86_avx512_packusdw_512
int_x86_avx512_sitofp_round
int_x86_avx512_uitofp_round
int_x86_avx512_mask_cvtpd2dq_128
int_x86_avx512_mask_cvtpd2dq_512
int_x86_avx512_mask_cvtpd2ps_512
int_x86_avx512_mask_cvtsd2ss_round
int_x86_avx512_mask_cvtss2sd_round
int_x86_avx512_mask_cvtpd2ps
int_x86_avx512_mask_cvtpd2qq_128
int_x86_avx512_mask_cvtpd2qq_256
int_x86_avx512_mask_cvtpd2qq_512
int_x86_avx512_mask_cvtpd2udq_128
int_x86_avx512_mask_cvtpd2udq_256
int_x86_avx512_mask_cvtpd2udq_512
int_x86_avx512_mask_cvtpd2uqq_128
int_x86_avx512_mask_cvtpd2uqq_256
int_x86_avx512_mask_cvtpd2uqq_512
int_x86_avx512_mask_cvtps2dq_128
int_x86_avx512_mask_cvtps2dq_256
int_x86_avx512_mask_cvtps2dq_512
int_x86_avx512_mask_cvtps2pd_512
int_x86_avx512_mask_cvtps2qq_128
int_x86_avx512_mask_cvtps2qq_256
int_x86_avx512_mask_cvtps2qq_512
int_x86_avx512_mask_cvtps2udq_128
int_x86_avx512_mask_cvtps2udq_256
int_x86_avx512_mask_cvtps2udq_512
int_x86_avx512_mask_cvtps2uqq_128
int_x86_avx512_mask_cvtps2uqq_256
int_x86_avx512_mask_cvtps2uqq_512
int_x86_avx512_mask_cvtqq2ps_128
int_x86_avx512_mask_cvttpd2dq_128
int_x86_avx512_mask_cvttpd2dq_512
int_x86_avx512_mask_cvttpd2qq_128
int_x86_avx512_mask_cvttpd2qq_256
int_x86_avx512_mask_cvttpd2qq_512
int_x86_avx512_mask_cvttpd2udq_128
int_x86_avx512_mask_cvttpd2udq_256
int_x86_avx512_mask_cvttpd2udq_512
int_x86_avx512_mask_cvttpd2uqq_128
int_x86_avx512_mask_cvttpd2uqq_256
int_x86_avx512_mask_cvttpd2uqq_512
int_x86_avx512_mask_cvttps2dq_512
int_x86_avx512_mask_cvttps2qq_128
int_x86_avx512_mask_cvttps2qq_256
int_x86_avx512_mask_cvttps2qq_512
int_x86_avx512_mask_cvttps2udq_128
int_x86_avx512_mask_cvttps2udq_256
int_x86_avx512_mask_cvttps2udq_512
int_x86_avx512_mask_cvttps2uqq_128
int_x86_avx512_mask_cvttps2uqq_256
int_x86_avx512_mask_cvttps2uqq_512
int_x86_avx512_mask_cvtuqq2ps_128
int_x86_avx512_mask_rndscale_pd_128
int_x86_avx512_mask_rndscale_pd_256
int_x86_avx512_mask_rndscale_pd_512
int_x86_avx512_mask_rndscale_ps_128
int_x86_avx512_mask_rndscale_ps_256
int_x86_avx512_mask_rndscale_ps_512
int_x86_avx512_mask_reduce_pd_128
int_x86_avx512_mask_reduce_pd_256
int_x86_avx512_mask_reduce_pd_512
int_x86_avx512_mask_reduce_ps_128
int_x86_avx512_mask_reduce_ps_256
int_x86_avx512_mask_reduce_ps_512
int_x86_avx512_mask_range_pd_128
int_x86_avx512_mask_range_pd_256
int_x86_avx512_mask_range_pd_512
int_x86_avx512_mask_range_ps_128
int_x86_avx512_mask_range_ps_256
int_x86_avx512_mask_range_ps_512
int_x86_avx512_broadcastmw_512
int_x86_avx512_broadcastmw_256
int_x86_avx512_broadcastmw_128
int_x86_avx512_broadcastmb_512
int_x86_avx512_broadcastmb_256
int_x86_avx512_broadcastmb_128
int_x86_avx512_add_ps_512
int_x86_avx512_add_pd_512
int_x86_avx512_sub_ps_512
int_x86_avx512_sub_pd_512
int_x86_avx512_mul_ps_512
int_x86_avx512_mul_pd_512
int_x86_avx512_div_ps_512
int_x86_avx512_div_pd_512
int_x86_avx512_max_ps_512
int_x86_avx512_max_pd_512
int_x86_avx512_min_ps_512
int_x86_avx512_min_pd_512
int_x86_avx512_mask_add_ss_round
int_x86_avx512_mask_div_ss_round
int_x86_avx512_mask_mul_ss_round
int_x86_avx512_mask_sub_ss_round
int_x86_avx512_mask_max_ss_round
int_x86_avx512_mask_min_ss_round
int_x86_avx512_mask_add_sd_round
int_x86_avx512_mask_div_sd_round
int_x86_avx512_mask_mul_sd_round
int_x86_avx512_mask_sub_sd_round
int_x86_avx512_mask_max_sd_round
int_x86_avx512_mask_min_sd_round
int_x86_avx512_mask_rndscale_ss
int_x86_avx512_mask_rndscale_sd
int_x86_avx512_mask_range_ss
int_x86_avx512_mask_range_sd
int_x86_avx512_mask_reduce_ss
int_x86_avx512_mask_reduce_sd
int_x86_avx512_mask_scalef_sd
int_x86_avx512_mask_scalef_ss
int_x86_avx512_mask_scalef_pd_128
int_x86_avx512_mask_scalef_pd_256
int_x86_avx512_mask_scalef_pd_512
int_x86_avx512_mask_scalef_ps_128
int_x86_avx512_mask_scalef_ps_256
int_x86_avx512_mask_scalef_ps_512
int_x86_avx512_mask_sqrt_ss
int_x86_avx512_mask_sqrt_sd
int_x86_avx512_sqrt_pd_512
int_x86_avx512_sqrt_ps_512
int_x86_avx512_mask_fixupimm_pd_128
int_x86_avx512_maskz_fixupimm_pd_128
int_x86_avx512_mask_fixupimm_pd_256
int_x86_avx512_maskz_fixupimm_pd_256
int_x86_avx512_mask_fixupimm_pd_512
int_x86_avx512_maskz_fixupimm_pd_512
int_x86_avx512_mask_fixupimm_ps_128
int_x86_avx512_maskz_fixupimm_ps_128
int_x86_avx512_mask_fixupimm_ps_256
int_x86_avx512_maskz_fixupimm_ps_256
int_x86_avx512_mask_fixupimm_ps_512
int_x86_avx512_maskz_fixupimm_ps_512
int_x86_avx512_mask_fixupimm_sd
int_x86_avx512_maskz_fixupimm_sd
int_x86_avx512_mask_fixupimm_ss
int_x86_avx512_maskz_fixupimm_ss
int_x86_avx512_mask_getexp_pd_128
int_x86_avx512_mask_getexp_pd_256
int_x86_avx512_mask_getexp_pd_512
int_x86_avx512_mask_getexp_ps_128
int_x86_avx512_mask_getexp_ps_256
int_x86_avx512_mask_getexp_ps_512
int_x86_avx512_mask_getexp_ss
int_x86_avx512_mask_getexp_sd
int_x86_avx512_mask_getmant_pd_128
int_x86_avx512_mask_getmant_pd_256
int_x86_avx512_mask_getmant_pd_512
int_x86_avx512_mask_getmant_ps_128
int_x86_avx512_mask_getmant_ps_256
int_x86_avx512_mask_getmant_ps_512
int_x86_avx512_mask_getmant_ss
int_x86_avx512_mask_getmant_sd
int_x86_avx512_rsqrt14_ss
int_x86_avx512_rsqrt14_sd
int_x86_avx512_rsqrt14_pd_128
int_x86_avx512_rsqrt14_pd_256
int_x86_avx512_rsqrt14_pd_512
int_x86_avx512_rsqrt14_ps_128
int_x86_avx512_rsqrt14_ps_256
int_x86_avx512_rsqrt14_ps_512
int_x86_avx512_rcp14_ss
int_x86_avx512_rcp14_sd
int_x86_avx512_rcp14_pd_128
int_x86_avx512_rcp14_pd_256
int_x86_avx512_rcp14_pd_512
int_x86_avx512_rcp14_ps_128
int_x86_avx512_rcp14_ps_256
int_x86_avx512_rcp14_ps_512
int_x86_avx512_rcp28_ps
int_x86_avx512_rcp28_pd
int_x86_avx512_exp2_ps
int_x86_avx512_exp2_pd
int_x86_avx512_rcp28_ss
int_x86_avx512_rcp28_sd
int_x86_avx512_rsqrt28_ps
int_x86_avx512_rsqrt28_pd
int_x86_avx512_rsqrt28_ss
int_x86_avx512_rsqrt28_sd
int_x86_avx512_psad_bw_512
int_x86_avx512_pmulhu_w_512
int_x86_avx512_pmulh_w_512
int_x86_avx512_pavg_b_512
int_x86_avx512_pavg_w_512
int_x86_avx512_pmaddw_d_512
int_x86_avx512_pmaddubs_w_512
int_x86_avx512_dbpsadbw_128
int_x86_avx512_dbpsadbw_256
int_x86_avx512_dbpsadbw_512
int_x86_avx512_gather_dpd_512
int_x86_avx512_gather_dps_512
int_x86_avx512_gather_qpd_512
int_x86_avx512_gather_qps_512
int_x86_avx512_gather_dpq_512
int_x86_avx512_gather_dpi_512
int_x86_avx512_gather_qpq_512
int_x86_avx512_gather_qpi_512
int_x86_avx512_gather3div2_df
int_x86_avx512_gather3div2_di
int_x86_avx512_gather3div4_df
int_x86_avx512_gather3div4_di
int_x86_avx512_gather3div4_sf
int_x86_avx512_gather3div4_si
int_x86_avx512_gather3div8_sf
int_x86_avx512_gather3div8_si
int_x86_avx512_gather3siv2_df
int_x86_avx512_gather3siv2_di
int_x86_avx512_gather3siv4_df
int_x86_avx512_gather3siv4_di
int_x86_avx512_gather3siv4_sf
int_x86_avx512_gather3siv4_si
int_x86_avx512_gather3siv8_sf
int_x86_avx512_gather3siv8_si
int_x86_avx512_scatter_dpd_512
int_x86_avx512_scatter_dps_512
int_x86_avx512_scatter_qpd_512
int_x86_avx512_scatter_qps_512
int_x86_avx512_scatter_dpq_512
int_x86_avx512_scatter_dpi_512
int_x86_avx512_scatter_qpq_512
int_x86_avx512_scatter_qpi_512
int_x86_avx512_scatterdiv2_df
int_x86_avx512_scatterdiv2_di
int_x86_avx512_scatterdiv4_df
int_x86_avx512_scatterdiv4_di
int_x86_avx512_scatterdiv4_sf
int_x86_avx512_scatterdiv4_si
int_x86_avx512_scatterdiv8_sf
int_x86_avx512_scatterdiv8_si
int_x86_avx512_scattersiv2_df
int_x86_avx512_scattersiv2_di
int_x86_avx512_scattersiv4_df
int_x86_avx512_scattersiv4_di
int_x86_avx512_scattersiv4_sf
int_x86_avx512_scattersiv4_si
int_x86_avx512_scattersiv8_sf
int_x86_avx512_scattersiv8_si
int_x86_avx512_gatherpf_dpd_512
int_x86_avx512_gatherpf_dps_512
int_x86_avx512_gatherpf_qpd_512
int_x86_avx512_gatherpf_qps_512
int_x86_avx512_scatterpf_dpd_512
int_x86_avx512_scatterpf_dps_512
int_x86_avx512_scatterpf_qpd_512
int_x86_avx512_scatterpf_qps_512
int_x86_avx512_mask_gather_dpd_512
int_x86_avx512_mask_gather_dps_512
int_x86_avx512_mask_gather_qpd_512
int_x86_avx512_mask_gather_qps_512
int_x86_avx512_mask_gather_dpq_512
int_x86_avx512_mask_gather_dpi_512
int_x86_avx512_mask_gather_qpq_512
int_x86_avx512_mask_gather_qpi_512
int_x86_avx512_mask_gather3div2_df
int_x86_avx512_mask_gather3div2_di
int_x86_avx512_mask_gather3div4_df
int_x86_avx512_mask_gather3div4_di
int_x86_avx512_mask_gather3div4_sf
int_x86_avx512_mask_gather3div4_si
int_x86_avx512_mask_gather3div8_sf
int_x86_avx512_mask_gather3div8_si
int_x86_avx512_mask_gather3siv2_df
int_x86_avx512_mask_gather3siv2_di
int_x86_avx512_mask_gather3siv4_df
int_x86_avx512_mask_gather3siv4_di
int_x86_avx512_mask_gather3siv4_sf
int_x86_avx512_mask_gather3siv4_si
int_x86_avx512_mask_gather3siv8_sf
int_x86_avx512_mask_gather3siv8_si
int_x86_avx512_mask_scatter_dpd_512
int_x86_avx512_mask_scatter_dps_512
int_x86_avx512_mask_scatter_qpd_512
int_x86_avx512_mask_scatter_qps_512
int_x86_avx512_mask_scatter_dpq_512
int_x86_avx512_mask_scatter_dpi_512
int_x86_avx512_mask_scatter_qpq_512
int_x86_avx512_mask_scatter_qpi_512
int_x86_avx512_mask_scatterdiv2_df
int_x86_avx512_mask_scatterdiv2_di
int_x86_avx512_mask_scatterdiv4_df
int_x86_avx512_mask_scatterdiv4_di
int_x86_avx512_mask_scatterdiv4_sf
int_x86_avx512_mask_scatterdiv4_si
int_x86_avx512_mask_scatterdiv8_sf
int_x86_avx512_mask_scatterdiv8_si
int_x86_avx512_mask_scattersiv2_df
int_x86_avx512_mask_scattersiv2_di
int_x86_avx512_mask_scattersiv4_df
int_x86_avx512_mask_scattersiv4_di
int_x86_avx512_mask_scattersiv4_sf
int_x86_avx512_mask_scattersiv4_si
int_x86_avx512_mask_scattersiv8_sf
int_x86_avx512_mask_scattersiv8_si
int_x86_avx512_conflict_d_128
int_x86_avx512_conflict_d_256
int_x86_avx512_conflict_d_512
int_x86_avx512_conflict_q_128
int_x86_avx512_conflict_q_256
int_x86_avx512_conflict_q_512
int_x86_avx512_vcomi_sd
int_x86_avx512_vcomi_ss
int_x86_avx512_mask_compress
int_x86_avx512_mask_expand
int_x86_avx512_mask_pmov_qb_128
int_x86_avx512_mask_pmov_qb_mem_128
int_x86_avx512_mask_pmovs_qb_128
int_x86_avx512_mask_pmovs_qb_mem_128
int_x86_avx512_mask_pmovus_qb_128
int_x86_avx512_mask_pmovus_qb_mem_128
int_x86_avx512_mask_pmov_qb_256
int_x86_avx512_mask_pmov_qb_mem_256
int_x86_avx512_mask_pmovs_qb_256
int_x86_avx512_mask_pmovs_qb_mem_256
int_x86_avx512_mask_pmovus_qb_256
int_x86_avx512_mask_pmovus_qb_mem_256
int_x86_avx512_mask_pmov_qb_512
int_x86_avx512_mask_pmov_qb_mem_512
int_x86_avx512_mask_pmovs_qb_512
int_x86_avx512_mask_pmovs_qb_mem_512
int_x86_avx512_mask_pmovus_qb_512
int_x86_avx512_mask_pmovus_qb_mem_512
int_x86_avx512_mask_pmov_qw_128
int_x86_avx512_mask_pmov_qw_mem_128
int_x86_avx512_mask_pmovs_qw_128
int_x86_avx512_mask_pmovs_qw_mem_128
int_x86_avx512_mask_pmovus_qw_128
int_x86_avx512_mask_pmovus_qw_mem_128
int_x86_avx512_mask_pmov_qw_256
int_x86_avx512_mask_pmov_qw_mem_256
int_x86_avx512_mask_pmovs_qw_256
int_x86_avx512_mask_pmovs_qw_mem_256
int_x86_avx512_mask_pmovus_qw_256
int_x86_avx512_mask_pmovus_qw_mem_256
int_x86_avx512_mask_pmov_qw_512
int_x86_avx512_mask_pmov_qw_mem_512
int_x86_avx512_mask_pmovs_qw_512
int_x86_avx512_mask_pmovs_qw_mem_512
int_x86_avx512_mask_pmovus_qw_512
int_x86_avx512_mask_pmovus_qw_mem_512
int_x86_avx512_mask_pmov_qd_128
int_x86_avx512_mask_pmov_qd_mem_128
int_x86_avx512_mask_pmovs_qd_128
int_x86_avx512_mask_pmovs_qd_mem_128
int_x86_avx512_mask_pmovus_qd_128
int_x86_avx512_mask_pmovus_qd_mem_128
int_x86_avx512_mask_pmov_qd_mem_256
int_x86_avx512_mask_pmovs_qd_256
int_x86_avx512_mask_pmovs_qd_mem_256
int_x86_avx512_mask_pmovus_qd_256
int_x86_avx512_mask_pmovus_qd_mem_256
int_x86_avx512_mask_pmov_qd_mem_512
int_x86_avx512_mask_pmovs_qd_512
int_x86_avx512_mask_pmovs_qd_mem_512
int_x86_avx512_mask_pmovus_qd_512
int_x86_avx512_mask_pmovus_qd_mem_512
int_x86_avx512_mask_pmov_db_128
int_x86_avx512_mask_pmov_db_mem_128
int_x86_avx512_mask_pmovs_db_128
int_x86_avx512_mask_pmovs_db_mem_128
int_x86_avx512_mask_pmovus_db_128
int_x86_avx512_mask_pmovus_db_mem_128
int_x86_avx512_mask_pmov_db_256
int_x86_avx512_mask_pmov_db_mem_256
int_x86_avx512_mask_pmovs_db_256
int_x86_avx512_mask_pmovs_db_mem_256
int_x86_avx512_mask_pmovus_db_256
int_x86_avx512_mask_pmovus_db_mem_256
int_x86_avx512_mask_pmov_db_512
int_x86_avx512_mask_pmov_db_mem_512
int_x86_avx512_mask_pmovs_db_512
int_x86_avx512_mask_pmovs_db_mem_512
int_x86_avx512_mask_pmovus_db_512
int_x86_avx512_mask_pmovus_db_mem_512
int_x86_avx512_mask_pmov_dw_128
int_x86_avx512_mask_pmov_dw_mem_128
int_x86_avx512_mask_pmovs_dw_128
int_x86_avx512_mask_pmovs_dw_mem_128
int_x86_avx512_mask_pmovus_dw_128
int_x86_avx512_mask_pmovus_dw_mem_128
int_x86_avx512_mask_pmov_dw_256
int_x86_avx512_mask_pmov_dw_mem_256
int_x86_avx512_mask_pmovs_dw_256
int_x86_avx512_mask_pmovs_dw_mem_256
int_x86_avx512_mask_pmovus_dw_256
int_x86_avx512_mask_pmovus_dw_mem_256
int_x86_avx512_mask_pmov_dw_512
int_x86_avx512_mask_pmov_dw_mem_512
int_x86_avx512_mask_pmovs_dw_512
int_x86_avx512_mask_pmovs_dw_mem_512
int_x86_avx512_mask_pmovus_dw_512
int_x86_avx512_mask_pmovus_dw_mem_512
int_x86_avx512_mask_pmov_wb_128
int_x86_avx512_mask_pmov_wb_mem_128
int_x86_avx512_mask_pmovs_wb_128
int_x86_avx512_mask_pmovs_wb_mem_128
int_x86_avx512_mask_pmovus_wb_128
int_x86_avx512_mask_pmovus_wb_mem_128
int_x86_avx512_mask_pmov_wb_mem_256
int_x86_avx512_mask_pmovs_wb_256
int_x86_avx512_mask_pmovs_wb_mem_256
int_x86_avx512_mask_pmovus_wb_256
int_x86_avx512_mask_pmovus_wb_mem_256
int_x86_avx512_mask_pmov_wb_mem_512
int_x86_avx512_mask_pmovs_wb_512
int_x86_avx512_mask_pmovs_wb_mem_512
int_x86_avx512_mask_pmovus_wb_512
int_x86_avx512_mask_pmovus_wb_mem_512
int_x86_avx512_pternlog_d_128
int_x86_avx512_pternlog_d_256
int_x86_avx512_pternlog_d_512
int_x86_avx512_pternlog_q_128
int_x86_avx512_pternlog_q_256
int_x86_avx512_pternlog_q_512
int_x86_avx512_vp2intersect_q_512
int_x86_avx512_vp2intersect_q_256
int_x86_avx512_vp2intersect_q_128
int_x86_avx512_vp2intersect_d_512
int_x86_avx512_vp2intersect_d_256
int_x86_avx512_vp2intersect_d_128
int_x86_avx512_mask_cmp_ps_512
int_x86_avx512_mask_cmp_pd_512
int_x86_avx512_mask_cmp_ps_256
int_x86_avx512_mask_cmp_pd_256
int_x86_avx512_mask_cmp_ps_128
int_x86_avx512_mask_cmp_pd_128
int_x86_avx512_mask_cmp_ss
int_x86_avx512_mask_cmp_sd
int_x86_sha1rnds4
int_x86_sha1nexte
int_x86_sha1msg1
int_x86_sha1msg2
int_x86_sha256rnds2
int_x86_sha256msg1
int_x86_sha256msg2
int_x86_monitorx
int_x86_mwaitx
int_x86_clzero
int_x86_wbinvd
int_x86_wbnoinvd
int_x86_cldemote
int_x86_umonitor
int_x86_umwait
int_x86_tpause
int_x86_directstore32
int_x86_directstore64
int_x86_movdir64b
int_x86_ptwrite32
int_x86_ptwrite64
int_x86_invpcid
int_x86_avx512bf16_cvtne2ps2bf16_128:
int_x86_avx512bf16_cvtne2ps2bf16_256:
int_x86_avx512bf16_cvtne2ps2bf16_512:
int_x86_avx512bf16_mask_cvtneps2bf16_128:
int_x86_avx512bf16_cvtneps2bf16_256:
int_x86_avx512bf16_cvtneps2bf16_512:
int_x86_avx512bf16_dpbf16ps_128:
int_x86_avx512bf16_dpbf16ps_256:
int_x86_avx512bf16_dpbf16ps_512:
int_x86_enqcmd
int_x86_enqcmds
int_x86_serialize
int_x86_xsusldtrk
int_x86_xresldtrk
int_x86_loadiwkey
int_x86_encodekey128
int_x86_encodekey256
int_x86_aesenc128kl
int_x86_aesdec128kl
int_x86_aesenc256kl
int_x86_aesdec256kl
int_x86_aesencwide128kl
int_x86_aesdecwide128kl
int_x86_aesencwide256kl
int_x86_aesdecwide256kl
int_x86_ldtilecfg
int_x86_sttilecfg
int_x86_tilerelease
int_x86_tilezero
int_x86_tileloadd64
int_x86_tileloaddt164
int_x86_tilestored64
int_x86_tdpbssd
int_x86_tdpbsud
int_x86_tdpbusd
int_x86_tdpbuud
int_x86_tdpbf16ps
int_x86_ldtilecfg_internal
int_x86_tileloadd64_internal
int_x86_tileloaddt164_internal
int_x86_tdpbssd_internal
int_x86_tdpbsud_internal
int_x86_tdpbusd_internal
int_x86_tdpbuud_internal
int_x86_tilestored64_internal
int_x86_tilezero_internal
int_x86_tdpbf16ps_internal
int_x86_cast_vector_to_tile:
int_x86_cast_tile_to_vector:
int_x86_clui
int_x86_stui
int_x86_testui
int_x86_senduipi
int_x86_avx512fp16_add_ph_512
int_x86_avx512fp16_sub_ph_512
int_x86_avx512fp16_mul_ph_512
int_x86_avx512fp16_div_ph_512
int_x86_avx512fp16_max_ph_128
int_x86_avx512fp16_max_ph_256
int_x86_avx512fp16_max_ph_512
int_x86_avx512fp16_min_ph_128
int_x86_avx512fp16_min_ph_256
int_x86_avx512fp16_min_ph_512
int_x86_avx512fp16_mask_cmp_ph_512
int_x86_avx512fp16_mask_cmp_ph_256
int_x86_avx512fp16_mask_cmp_ph_128
int_x86_avx512fp16_mask_add_sh_round
int_x86_avx512fp16_mask_sub_sh_round
int_x86_avx512fp16_mask_mul_sh_round
int_x86_avx512fp16_mask_div_sh_round
int_x86_avx512fp16_mask_min_sh_round
int_x86_avx512fp16_mask_max_sh_round
int_x86_avx512fp16_mask_cmp_sh
int_x86_avx512fp16_vcomi_sh
int_x86_avx512fp16_mask_vcvtph2psx_128
int_x86_avx512fp16_mask_vcvtph2psx_256
int_x86_avx512fp16_mask_vcvtph2psx_512
int_x86_avx512fp16_mask_vcvtps2phx_128
int_x86_avx512fp16_mask_vcvtps2phx_256
int_x86_avx512fp16_mask_vcvtps2phx_512
int_x86_avx512fp16_mask_vcvtpd2ph_128
int_x86_avx512fp16_mask_vcvtpd2ph_256
int_x86_avx512fp16_mask_vcvtpd2ph_512
int_x86_avx512fp16_mask_vcvtph2pd_128
int_x86_avx512fp16_mask_vcvtph2pd_256
int_x86_avx512fp16_mask_vcvtph2pd_512
int_x86_avx512fp16_mask_vcvtsh2ss_round
int_x86_avx512fp16_mask_vcvtss2sh_round
int_x86_avx512fp16_mask_vcvtsd2sh_round
int_x86_avx512fp16_mask_vcvtsh2sd_round
int_x86_avx512fp16_mask_vcvtph2w_128
int_x86_avx512fp16_mask_vcvtph2w_256
int_x86_avx512fp16_mask_vcvtph2w_512
int_x86_avx512fp16_mask_vcvttph2w_128
int_x86_avx512fp16_mask_vcvttph2w_256
int_x86_avx512fp16_mask_vcvttph2w_512
int_x86_avx512fp16_mask_vcvtph2uw_128
int_x86_avx512fp16_mask_vcvtph2uw_256
int_x86_avx512fp16_mask_vcvtph2uw_512
int_x86_avx512fp16_mask_vcvttph2uw_128
int_x86_avx512fp16_mask_vcvttph2uw_256
int_x86_avx512fp16_mask_vcvttph2uw_512
int_x86_avx512fp16_mask_vcvtph2dq_128
int_x86_avx512fp16_mask_vcvtph2dq_256
int_x86_avx512fp16_mask_vcvtph2dq_512
int_x86_avx512fp16_mask_vcvtph2udq_128
int_x86_avx512fp16_mask_vcvtph2udq_256
int_x86_avx512fp16_mask_vcvtph2udq_512
int_x86_avx512fp16_mask_vcvtdq2ph_128
int_x86_avx512fp16_mask_vcvtudq2ph_128
int_x86_avx512fp16_mask_vcvttph2dq_128
int_x86_avx512fp16_mask_vcvttph2dq_256
int_x86_avx512fp16_mask_vcvttph2dq_512
int_x86_avx512fp16_mask_vcvttph2udq_128
int_x86_avx512fp16_mask_vcvttph2udq_256
int_x86_avx512fp16_mask_vcvttph2udq_512
int_x86_avx512fp16_mask_vcvtqq2ph_128
int_x86_avx512fp16_mask_vcvtqq2ph_256
int_x86_avx512fp16_mask_vcvtph2qq_128
int_x86_avx512fp16_mask_vcvtph2qq_256
int_x86_avx512fp16_mask_vcvtph2qq_512
int_x86_avx512fp16_mask_vcvtuqq2ph_128
int_x86_avx512fp16_mask_vcvtuqq2ph_256
int_x86_avx512fp16_mask_vcvtph2uqq_128
int_x86_avx512fp16_mask_vcvtph2uqq_256
int_x86_avx512fp16_mask_vcvtph2uqq_512
int_x86_avx512fp16_mask_vcvttph2qq_128
int_x86_avx512fp16_mask_vcvttph2qq_256
int_x86_avx512fp16_mask_vcvttph2qq_512
int_x86_avx512fp16_mask_vcvttph2uqq_128
int_x86_avx512fp16_mask_vcvttph2uqq_256
int_x86_avx512fp16_mask_vcvttph2uqq_512
int_x86_avx512fp16_vcvtsh2si32
int_x86_avx512fp16_vcvtsh2usi32
int_x86_avx512fp16_vcvtsh2si64
int_x86_avx512fp16_vcvtsh2usi64
int_x86_avx512fp16_vcvtusi2sh
int_x86_avx512fp16_vcvtusi642sh
int_x86_avx512fp16_vcvtsi2sh
int_x86_avx512fp16_vcvtsi642sh
int_x86_avx512fp16_vcvttsh2si32
int_x86_avx512fp16_vcvttsh2si64
int_x86_avx512fp16_vcvttsh2usi32
int_x86_avx512fp16_vcvttsh2usi64
int_x86_avx512fp16_sqrt_ph_512
int_x86_avx512fp16_mask_sqrt_sh
int_x86_avx512fp16_mask_rsqrt_ph_128
int_x86_avx512fp16_mask_rsqrt_ph_256
int_x86_avx512fp16_mask_rsqrt_ph_512
int_x86_avx512fp16_mask_rsqrt_sh
int_x86_avx512fp16_mask_rcp_ph_128
int_x86_avx512fp16_mask_rcp_ph_256
int_x86_avx512fp16_mask_rcp_ph_512
int_x86_avx512fp16_mask_rcp_sh
int_x86_avx512fp16_mask_reduce_ph_128
int_x86_avx512fp16_mask_reduce_ph_256
int_x86_avx512fp16_mask_reduce_ph_512
int_x86_avx512fp16_mask_reduce_sh
int_x86_avx512fp16_fpclass_ph_128
int_x86_avx512fp16_fpclass_ph_256
int_x86_avx512fp16_fpclass_ph_512
int_x86_avx512fp16_mask_fpclass_sh
int_x86_avx512fp16_mask_getexp_ph_128
int_x86_avx512fp16_mask_getexp_ph_256
int_x86_avx512fp16_mask_getexp_ph_512
int_x86_avx512fp16_mask_getexp_sh
int_x86_avx512fp16_mask_getmant_ph_128
int_x86_avx512fp16_mask_getmant_ph_256
int_x86_avx512fp16_mask_getmant_ph_512
int_x86_avx512fp16_mask_getmant_sh
int_x86_avx512fp16_mask_rndscale_ph_128
int_x86_avx512fp16_mask_rndscale_ph_256
int_x86_avx512fp16_mask_rndscale_ph_512
int_x86_avx512fp16_mask_rndscale_sh
int_x86_avx512fp16_mask_scalef_ph_128
int_x86_avx512fp16_mask_scalef_ph_256
int_x86_avx512fp16_mask_scalef_ph_512
int_x86_avx512fp16_mask_scalef_sh
int_x86_avx512fp16_vfmadd_ph_512
int_x86_avx512fp16_vfmaddsub_ph_128
int_x86_avx512fp16_vfmaddsub_ph_256
int_x86_avx512fp16_vfmaddsub_ph_512
int_x86_avx512fp16_vfmadd_f16
int_x86_avx512fp16_mask_vfcmadd_cph_128
int_x86_avx512fp16_maskz_vfcmadd_cph_128
int_x86_avx512fp16_mask_vfcmadd_cph_256
int_x86_avx512fp16_maskz_vfcmadd_cph_256
int_x86_avx512fp16_mask_vfcmadd_cph_512
int_x86_avx512fp16_maskz_vfcmadd_cph_512
int_x86_avx512fp16_mask_vfmadd_cph_128
int_x86_avx512fp16_maskz_vfmadd_cph_128
int_x86_avx512fp16_mask_vfmadd_cph_256
int_x86_avx512fp16_maskz_vfmadd_cph_256
int_x86_avx512fp16_mask_vfmadd_cph_512
int_x86_avx512fp16_maskz_vfmadd_cph_512
int_x86_avx512fp16_mask_vfmadd_csh
int_x86_avx512fp16_maskz_vfmadd_csh
int_x86_avx512fp16_mask_vfcmadd_csh
int_x86_avx512fp16_maskz_vfcmadd_csh
int_x86_avx512fp16_mask_vfmul_cph_128
int_x86_avx512fp16_mask_vfcmul_cph_128
int_x86_avx512fp16_mask_vfmul_cph_256
int_x86_avx512fp16_mask_vfcmul_cph_256
int_x86_avx512fp16_mask_vfmul_cph_512
int_x86_avx512fp16_mask_vfcmul_cph_512
int_x86_avx512fp16_mask_vfmul_csh
int_x86_avx512fp16_mask_vfcmul_csh
